Compiling lib\main.dart for the Web...                          
flutter : Wasm dry run succeeded. Consider building and testing your application with the `--wasm` flag. See docs 
for more info: https://docs.flutter.dev/platform-integration/web/wasm
At line:4 char:1
+ flutter build web --release 2>&1 > build_output.txt
+ ~~~~~~~~~~~~~~~~~~~~~~~~~~~~~~~~~~~~~~~~~~~~~~~~~~~
    + CategoryInfo          : NotSpecified: (Wasm dry run su...ration/web/wasm:String) [], RemoteException
    + FullyQualifiedErrorId : NativeCommandError
 
Use --no-wasm-dry-run to disable these warnings.
Target dart2js failed: ProcessException: Process exited abnormally with exit code 1:
lib/core/config/release_build_guard.dart:18:45:
Error: Constant evaluation error:
const _ReleaseBuildGuard _apiBaseUrlGuard = _ReleaseBuildGuard(
                                            ^
lib/core/config/release_build_guard.dart:18:45:
Info: This assertion failed with message: Missing --dart-define=API_BASE_URL for release builds. Example: 
--dart-define=API_BASE_URL=https://api.your-domain.com
const _ReleaseBuildGuard _apiBaseUrlGuard = _ReleaseBuildGuard(
                                            ^
lib/core/config/release_build_guard.dart:24:44:
Error: Constant evaluation error:
const _ReleaseBuildGuard _appWebUrlGuard = _ReleaseBuildGuard(
                                           ^
lib/core/config/release_build_guard.dart:24:44:
Info: This assertion failed with message: Missing --dart-define=APP_WEB_URL for release builds. Example: 
--dart-define=APP_WEB_URL=https://app.your-domain.com
const _ReleaseBuildGuard _appWebUrlGuard = _ReleaseBuildGuard(
                                           ^
lib/core/config/release_build_guard.dart:18:45:
Error: Constant evaluation error:
const _ReleaseBuildGuard _apiBaseUrlGuard = _ReleaseBuildGuard(
                                            ^
lib/core/config/release_build_guard.dart:18:45:
Info: This assertion failed with message: Missing --dart-define=API_BASE_URL for release builds. Example: 
--dart-define=API_BASE_URL=https://api.your-domain.com
const _ReleaseBuildGuard _apiBaseUrlGuard = _ReleaseBuildGuard(
                                            ^
lib/core/config/release_build_guard.dart:24:44:
Error: Constant evaluation error:
const _ReleaseBuildGuard _appWebUrlGuard = _ReleaseBuildGuard(
                                           ^
lib/core/config/release_build_guard.dart:24:44:
Info: This assertion failed with message: Missing --dart-define=APP_WEB_URL for release builds. Example: 
--dart-define=APP_WEB_URL=https://app.your-domain.com
const _ReleaseBuildGuard _appWebUrlGuard = _ReleaseBuildGuard(
                                           ^
Error: Compilation failed.
  Command: D:\flutter\bin\cache\dart-sdk\bin\dart.exe compile js 
--platform-binaries=D:\flutter\bin\cache\flutter_web_sdk\kernel --invoker=flutter_tool -Ddart.vm.product=true 
-DFLUTTER_VERSION=3.38.6 -DFLUTTER_CHANNEL=stable -DFLUTTER_GIT_URL=https://github.com/flutter/flutter.git 
-DFLUTTER_FRAMEWORK_REVISION=8b87286849 -DFLUTTER_ENGINE_REVISION=78fc3012e4 -DFLUTTER_DART_VERSION=3.10.7 
-DFLUTTER_WEB_USE_SKIA=true -DFLUTTER_WEB_USE_SKWASM=false 
-DFLUTTER_WEB_CANVASKIT_URL=https://www.gstatic.com/flutter-canvaskit/78fc3012e45889657f72359b005af7beac47ba3d/ 
--native-null-assertions --no-source-maps -O4 --minify -o 
D:\Tajir\Frontend\.dart_tool\flutter_build\c02c8f47c08a3f1911f185e7e3c1547f\app.dill 
--packages=D:\Tajir\Frontend\.dart_tool\package_config.json --cfe-only 
D:\Tajir\Frontend\.dart_tool\flutter_build\c02c8f47c08a3f1911f185e7e3c1547f\main.dart
#0      RunResult.throwException (package:flutter_tools/src/base/process.dart:153:5)
#1      _DefaultProcessUtils.run (package:flutter_tools/src/base/process.dart:379:19)
<asynchronous suspension>
#2      Dart2JSTarget.build (package:flutter_tools/src/build_system/targets/web.dart:207:5)
<asynchronous suspension>
#3      _BuildInstance._invokeInternal (package:flutter_tools/src/build_system/build_system.dart:895:9)
<asynchronous suspension>
#4      Future.wait.<anonymous closure> (dart:async/future.dart:546:21)
<asynchronous suspension>
#5      _BuildInstance.invokeTarget (package:flutter_tools/src/build_system/build_system.dart:833:32)
<asynchronous suspension>
#6      Future.wait.<anonymous closure> (dart:async/future.dart:546:21)
<asynchronous suspension>
#7      _BuildInstance.invokeTarget (package:flutter_tools/src/build_system/build_system.dart:833:32)
<asynchronous suspension>
#8      FlutterBuildSystem.build (package:flutter_tools/src/build_system/build_system.dart:653:16)
<asynchronous suspension>
#9      WebBuilder.buildWeb (package:flutter_tools/src/web/compile.dart:94:34)
<asynchronous suspension>
#10     BuildWebCommand.runCommand (package:flutter_tools/src/commands/build_web.dart:296:5)
<asynchronous suspension>
#11     FlutterCommand.run.<anonymous closure> (package:flutter_tools/src/runner/flutter_command.dart:1559:27)
<asynchronous suspension>
#12     AppContext.run.<anonymous closure> (package:flutter_tools/src/base/context.dart:154:19)
<asynchronous suspension>
#13     CommandRunner.runCommand (package:args/command_runner.dart:212:13)
<asynchronous suspension>
#14     FlutterCommandRunner.runCommand.<anonymous closure> 
(package:flutter_tools/src/runner/flutter_command_runner.dart:487:9)
<asynchronous suspension>
#15     AppContext.run.<anonymous closure> (package:flutter_tools/src/base/context.dart:154:19)
<asynchronous suspension>
#16     FlutterCommandRunner.runCommand (package:flutter_tools/src/runner/flutter_command_runner.dart:422:5)
<asynchronous suspension>
#17     run.<anonymous closure>.<anonymous closure> (package:flutter_tools/runner.dart:104:11)
<asynchronous suspension>
#18     AppContext.run.<anonymous closure> (package:flutter_tools/src/base/context.dart:154:19)
<asynchronous suspension>
#19     main (package:flutter_tools/executable.dart:103:3)
<asynchronous suspension>

Compiling lib\main.dart for the Web...                             49.3s
Error: Failed to compile application for the Web.
